../Core/Src/stm32l4xx_it.c:70:6:NMI_Handler	0	static
../Core/Src/stm32l4xx_it.c:83:6:HardFault_Handler	0	static
../Core/Src/stm32l4xx_it.c:98:6:MemManage_Handler	0	static
../Core/Src/stm32l4xx_it.c:113:6:BusFault_Handler	0	static
../Core/Src/stm32l4xx_it.c:128:6:UsageFault_Handler	0	static
../Core/Src/stm32l4xx_it.c:143:6:SVC_Handler	0	static
../Core/Src/stm32l4xx_it.c:156:6:DebugMon_Handler	0	static
../Core/Src/stm32l4xx_it.c:169:6:PendSV_Handler	0	static
../Core/Src/stm32l4xx_it.c:182:6:SysTick_Handler	0	static
../Core/Src/stm32l4xx_it.c:203:6:EXTI9_5_IRQHandler	8	static
../Core/Src/stm32l4xx_it.c:220:6:EXTI15_10_IRQHandler	8	static
../Core/Src/stm32l4xx_it.c:236:6:USART1_IRQHandler	0	static
../Core/Src/stm32l4xx_it.c:241:6:I2C1_IRQHandler	0	static
../Core/Src/stm32l4xx_it.c:246:6:DMA1_Channel6_IRQHandler	0	static
