../Drivers/OLED/ssd1306.c:8:6:ssd1306_Reset	0	static
../Drivers/OLED/ssd1306.c:13:6:ssd1306_WriteCommand	32	static
../Drivers/OLED/ssd1306.c:19:6:ssd1306_WriteData	24	static
../Drivers/OLED/ssd1306.c:66:17:ssd1306_FillBuffer	8	static
../Drivers/OLED/ssd1306.c:178:6:ssd1306_Fill	0	static
../Drivers/OLED/ssd1306.c:183:6:ssd1306_UpdateScreen	16	static
../Drivers/OLED/ssd1306.c:204:6:ssd1306_DrawPixel	12	static
../Drivers/OLED/ssd1306.c:224:6:ssd1306_WriteChar	72	static
../Drivers/OLED/ssd1306.c:261:6:ssd1306_WriteString	40	static
../Drivers/OLED/ssd1306.c:275:6:ssd1306_SetCursor	0	static
../Drivers/OLED/ssd1306.c:281:6:ssd1306_Line	48	static
../Drivers/OLED/ssd1306.c:308:6:ssd1306_Polyline	32	static
../Drivers/OLED/ssd1306.c:343:6:ssd1306_DrawArc	72	static
../Drivers/OLED/ssd1306.c:383:6:ssd1306_DrawArcWithRadiusLine	80	static
../Drivers/OLED/ssd1306.c:426:6:ssd1306_DrawCircle	48	static
../Drivers/OLED/ssd1306.c:461:6:ssd1306_FillCircle	48	static
../Drivers/OLED/ssd1306.c:497:6:ssd1306_DrawRectangle	32	static
../Drivers/OLED/ssd1306.c:507:6:ssd1306_FillRectangle	24	static
../Drivers/OLED/ssd1306.c:521:17:ssd1306_InvertRectangle	28	static
../Drivers/OLED/ssd1306.c:552:6:ssd1306_DrawBitmap	48	static
../Drivers/OLED/ssd1306.c:576:6:ssd1306_SetContrast	8	static
../Drivers/OLED/ssd1306.c:582:6:ssd1306_SetDisplayOn	0	static
../Drivers/OLED/ssd1306.c:76:6:ssd1306_Init	8	static
../Drivers/OLED/ssd1306.c:594:9:ssd1306_GetDisplayOn	0	static
