../Core/Src/main.c:129:6:HAL_GPIO_EXTI_Callback	16	static
../Core/Src/main.c:162:6:SPI3_IRQHandler	8	static
../Core/Src/main.c:167:6:HAL_UART_RxCpltCallback	16	static
../Core/Src/main.c:177:5:main	656	static
../Core/Src/main.c:557:6:SystemClock_Config	96	static
../Core/Src/main.c:612:13:MX_TIM3_Init	64	static
../Core/Src/main.c:650:13:MX_GPIO_Init	40	static
../Core/Src/main.c:667:13:UART1_Init	32	static
../Core/Src/main.c:696:13:MX_I2C1_Init	40	static
../Core/Src/main.c:729:6:ACC_EXTI11_Init	32	static
../Core/Src/main.c:755:13:RF_GPIO_Init	40	static
../Core/Src/main.c:793:13:RF_SPI3_Init	8	static
../Core/Src/main.c:813:6:Error_Handler	8	static
../Core/Src/main.c:820:6:IMU_calib	344	static
../Core/Src/main.c:849:6:get_pht_readings	8	static
../Core/Src/main.c:856:6:get_imu_readings	24	static
../Core/Src/main.c:871:6:print_text	16	static
../Core/Src/main.c:875:6:print_readings	784	static
../Core/Src/main.c:904:7:mod	24	static
../Core/Src/main.c:909:6:draw_wireframe	24	static
../Core/Src/main.c:929:5:presForFrequency	16	static
