../Drivers/u8g2/mui.c:491:16:mui_task_draw	8	static
../Drivers/u8g2/mui.c:498:16:mui_task_form_start	8	static
../Drivers/u8g2/mui.c:504:16:mui_task_form_end	8	static
../Drivers/u8g2/mui.c:603:16:mui_task_find_execute_on_select_field	0	static
../Drivers/u8g2/mui.c:511:16:mui_uif_is_cursor_selectable.isra	0	static
../Drivers/u8g2/mui.c:579:16:mui_task_get_current_cursor_focus_position	8	static
../Drivers/u8g2/mui.c:560:16:mui_task_find_next_cursor_uif	8	static
../Drivers/u8g2/mui.c:549:16:mui_task_find_last_cursor_uif	8	static
../Drivers/u8g2/mui.c:535:16:mui_task_find_first_cursor_uif	8	static
../Drivers/u8g2/mui.c:520:16:mui_task_find_prev_cursor_uif	8	static
../Drivers/u8g2/mui.c:87:9:mui_get_fds_char	0	static
../Drivers/u8g2/mui.c:98:15:mui_fds_get_cmd_size_without_text	8	static
../Drivers/u8g2/mui.c:276:15:mui_fds_get_cmd_size	24	static
../Drivers/u8g2/mui.c:330:16:mui_prepare_current_field	24	static
../Drivers/u8g2/mui.c:617:16:mui_send_cursor_msg	16	static
../Drivers/u8g2/mui.c:726:16:mui_send_cursor_enter_msg	0	static
../Drivers/u8g2/mui.c:422:13:mui_inner_loop_over_form.constprop	16	static
../Drivers/u8g2/mui.c:449:13:mui_loop_over_form	0	static
../Drivers/u8g2/mui.c:194:9:mui_fds_next_token	16	static
../Drivers/u8g2/mui.c:182:9:mui_fds_first_token	8	static
../Drivers/u8g2/mui.c:232:9:mui_fds_get_nth_token	16	static
../Drivers/u8g2/mui.c:251:9:mui_fds_get_token_cnt	16	static
../Drivers/u8g2/mui.c:293:6:mui_Init	24	static
../Drivers/u8g2/mui.c:640:9:mui_GetCurrentCursorFocusPosition	8	static
../Drivers/u8g2/mui.c:650:6:mui_Draw	0	static
../Drivers/u8g2/mui.c:679:9:mui_GetSelectableFieldTextOption	16	static
../Drivers/u8g2/mui.c:701:9:mui_GetSelectableFieldOptionCnt	16	static
../Drivers/u8g2/mui.c:779:6:mui_LeaveForm	16	static
../Drivers/u8g2/mui.c:810:6:mui_SaveFormWithCursorPosition	24	static
../Drivers/u8g2/mui.c:835:6:mui_SaveForm	8	static
../Drivers/u8g2/mui.c:863:6:mui_SaveCursorPosition	16	static
../Drivers/u8g2/mui.c:914:5:mui_GetCurrentFormId	8	static
../Drivers/u8g2/mui.c:927:6:mui_NextField	16	static
../Drivers/u8g2/mui.c:736:6:mui_EnterForm	16	static
../Drivers/u8g2/mui.c:797:9:mui_GotoForm	24	static
../Drivers/u8g2/mui.c:846:9:mui_RestoreForm	4	static
../Drivers/u8g2/mui.c:900:9:mui_GotoFormAutoCursorPosition	0	static
../Drivers/u8g2/mui.c:944:6:mui_PrevField	16	static
../Drivers/u8g2/mui.c:964:6:mui_SendSelect	0	static
../Drivers/u8g2/mui.c:977:6:mui_SendSelectWithExecuteOnSelectFieldSearch	16	static
../Drivers/u8g2/mui.c:996:6:mui_SendValueIncrement	0	static
../Drivers/u8g2/mui.c:1001:6:mui_SendValueDecrement	0	static
