../Drivers/u8g2/u8x8_byte.c:462:13:i2c_delay	0	static
../Drivers/u8g2/u8x8_byte.c:478:13:i2c_read_scl_and_delay	8	static
../Drivers/u8g2/u8x8_byte.c:491:13:i2c_read_sda	0	static
../Drivers/u8g2/u8x8_byte.c:536:13:i2c_write_bit	8	static
../Drivers/u8g2/u8x8_byte.c:561:13:i2c_write_byte	16	static
../Drivers/u8g2/u8x8_byte.c:39:9:u8x8_byte_SetDC	4	static
../Drivers/u8g2/u8x8_byte.c:44:9:u8x8_byte_SendBytes	4	static
../Drivers/u8g2/u8x8_byte.c:49:9:u8x8_byte_SendByte	16	static
../Drivers/u8g2/u8x8_byte.c:54:9:u8x8_byte_StartTransfer	4	static
../Drivers/u8g2/u8x8_byte.c:59:9:u8x8_byte_EndTransfer	4	static
../Drivers/u8g2/u8x8_byte.c:66:9:u8x8_byte_empty	0	static
../Drivers/u8g2/u8x8_byte.c:107:9:u8x8_byte_4wire_sw_spi	32	static
../Drivers/u8g2/u8x8_byte.c:166:9:u8x8_byte_8bit_6800mode	24	static
../Drivers/u8g2/u8x8_byte.c:216:9:u8x8_byte_8bit_8080mode	24	static
../Drivers/u8g2/u8x8_byte.c:268:9:u8x8_byte_3wire_sw_spi	40	static
../Drivers/u8g2/u8x8_byte.c:331:6:u8x8_byte_set_ks0108_cs	16	static
../Drivers/u8g2/u8x8_byte.c:341:9:u8x8_byte_ks0108	24	static
../Drivers/u8g2/u8x8_byte.c:397:9:u8x8_byte_sed1520	32	static
../Drivers/u8g2/u8x8_byte.c:578:9:u8x8_byte_sw_i2c	16	static
